<loworld*
*helloworld*
*helloworld*
<<<<<<d*
<<<<world*
*helloworld*
<<<oworld*
<<<<<ld*
*helloworld*
<<<<<world*
