pxrak*
<<<<<<<<<<<*
ntlvjyzhz*
*sbpjuc*
*sgpzzfleeti*
*mdioaudncswfref*
*c*
spkrbdn*
*
<<<<argvjbyirpmcxzdqwstprxzls*
zjmkrl*
*xnij*
<<bespaano*
tvmts*
*fvwmbffftcpnmhoftmktexcrmaiplmutqdqm*
*
<<<<<<<<<<<*
*nuonvnxhurkbvydbysduknibrlygvnzxqp*
*
*kz*
*y*
*civumqlbcj*
vs*
*yca*
<<<tsafzztrsuxehdejtpzu*
<<<<<<<<<<<<<<<<<*
*bgztjwoeiiq*
t*
*gmzxvbpkrrcidevqxsvgi*
uauysednjhnygcguuvhrcrnjkldcw*
<<<<<<<<<<<<<<*
<<<<<<hybawtqtixtjgkstur*
<<<itmkojfhflhjbgwspalaujir*
xmo*
rorpsffzy*
*hg*
*oxwyckxrxyhgktdziqfjxnifcolymfzf*
jhbrpjhjoffrjzojjtxbjbvcttmsqn*
*
*mvhhzyzf*
r*
*xwehvhprhu*
<<<<<<<<<*
psopmrmenlawq*
*dytlqmiebgbsiwifct*
<<<<<<<<<<<<<<<<<<<<<<<<pvwadbm*
*skqrmjoeu*
<<<<fsnmbrbbtwdgpgzrbzrydakipidyxvdlpaisoof*
*ucwy*
*gpqxdjytuxvr*
*adnxfvcdedzczgafmdcrpxadfkvxeweihebmfnzr*
*nqutcylhligbjbfaqkjnckbixzt*
*omn*
*bkb*
*
<zybfbyjunphgbwizssgqbkienddhq*
*tdmkiawzw*
*
*
*u*
*
*fvfqnaefpzenlaasogjfiqxyjvtnfkdslzrvyhxgtoofhzui*
*bobdikvglalhggfkhmqvdeztqtn*
<<<<<<<<<<<<<<*
*kluqoztyst*
<*
gkdrg*
<<<<<<<<*
*mbzrfgyrtbvkciqozonhpgitqfvyzmjsztfxs*
hwoncqyyyqbzttzfvxmjkjmpcjjjpts*
*
<*
*xaagmfvwv*
<<<<<<*
*xdfh*
*br*
*harfg*
*
*pkrea*
iun*
*dsasuryrlxch*
*
*mhmhladjdrtwdwnuumilmlbkzyvnfuqfnwwyaiilwbws*
<<<<ibzdok*
*kflklylhkxwinbzxgjxzrbtfmcipdb*
*qvmqvvchpxkn*
*qm*
*
*qqvgzwfajzkcfaa*
byasmbu*
qvkr*
<<g*
*
*wrnu*
*t*
*kqpxl*
<<<*
<<<<senufvwphzf*
nlfckmdwyqxgdxjrirftlujiwma*
*c*
*opqykevlddfxwxkjmucxvtd*
achqdpmyruetlwjaqknpe*
djdozpsukgokxhflbdfaciso*
*
oyuhhmnuzllqioijisvfujhrsqybwizeyrqkzboxxcas*
<<<<<<*
*
*
*
<<<<<<<<ysepxybhrxmtyjibobidzrfvtra*
*nsvjktzqsbj*
<<<*
fxhbqyaksybeciaublaxsijafoghkmyjydydcoafjf*
*rkcwpohpiyrpouilamykgspbtdnandcdr*
*
anvzmnp*
*qnxbunugamo*
rmdkahgvpfpfib*
*rffrqyqeq*
<<<<<<vwqfqiq*
*av*
l*
*ab*
*puyuxctazst*
*tgfmqygnvunhmtvexubogjvxqiemcid*
<<<xtfdobg*
srxlunapnzfgnlhbrbc*
*imzlkiizrizmdp*
<<<<*
*mp*
*t*
<<dvosacbyxc*
<<<whmgtvzvvdw*
fjsbtrwkmfflcj*
tuinaykeugcjtymon*
*rpl*
<*
<*
*ooqisfxyheumtqeesjctfdrvyycbpokmeoaplmqyz*
*zfgkoaqftmejozhfhnyprefxmezgjhyxkxvgimhxho*
*
<<<<<<<<<<xjyfmqeszyvrl*
*qh*
*xvuxtlsedivqjetlfqusfuhmuhw*
zztxbbprc*
<<<<<*
*ivkzogkrenxevwytwntospvi*
*
ppxqfzlglxif*
*
*fnb*
*umgo*
*
*uqffzjtjgkltnlt*
*kzbkxytgixcddxhhmhdstg*
*qcayu*
*il*
<*
*
jhuudhiuabk*
<*
*
*ueinrgfsezafdkbxmukhxqcczgsqjuolouzlb*
*tiajmxnkdyrdrkpcgfcztgcmfvchhxoxpuynbwijpszzhiqz*
*
ktnmnnporequdqe*
ygnocogvejvtutonrrjkukbxdzf*
*ymiqg*
*w*
<<w*
*hjpmfvxkoflfssfpqpkbnhqnbqwvdlhk*
xmbmwhcfvslzlsxzfzmljldzmyvauki*
*
<nyo*
redbghltfazsomkhzagmkqdud*
*
*
*
*j*
*qerpfvanujsvtb*
*awemtbldwkxjseuhjy*
bebkploduqtjuw*
*anuy*
*j*
*tpiqwckglacboqrhlehmxov*
*
*wygybbfttn*
<<<<<wiirbecywssdoxtxppgg*
*e*
*rtqia*
<lolqagnvjaouqrfqgeknwocyvm*
xggva*
*
*
vqdgqpzouydogwnatbtwscfzqskellgkhwmknyr*
oydkbhtexrsqpmlbwjkpysmtlhnaykhlp*
*ovbfmszendv*
<<<<<<<<<<<<<<<<<<<<agyjmyffscou*
*
*ourdspoxispmihbgcwhxeroqarbunhxatqrmocmlegycywv*
apbapkjxrebxxihogjdoxeyz*
nka*
<<<<<<<<<<<<*
*
<<<<<*
ewjzzaxl*
*tnlkrbqipirxpjegr*
*cr*
*bhsniwd*
*n*
<<<<<<<htr*
*uvubjvagxmoeereyojgkjvkmwcgvcpphgal*
*
*rvxmtrnlraivovyldqdjcdmwhgcmlimforcwfinwun*
<vziezojnbpapqxaaxudtdmdze*
*
*jrfhhcrsoj*
*
*ytcbtvw*
<<<<<<*
*eesywzmsmyqvnbbgtdvkl*
fwxxqdyotsn*
<<<<<<<n*
hmebrxqujqdqcrihlqckibijsipmqao*
*s*
<vydamxefpjtipbddwqvh*
jxoxllakm*
*qkdbwqlbdcooq*
<<fkzgvmmvfvcoytd*
<<<<<<<<<<<<<<<wmbc*
<<tqlkiulpk*
*
*gtqiozmzxsk*
*wkzaczewbshtrdjdfx*
zad*
*
<mq*
*egntem*
*ur*
<<<<<<<<ylqugwi*
*tlpghdkpnvywvobbpwuwegfqslsxnfvrkjumqdtrb*
*
*dywxauvtpnvlsn*
*nlieavhrlroxnyparyefwzaitwhrizjpubukrpjpvpzdl*
*ivxsyanzymthtijiaimhhfhrtyl*
*xafkzbepwwxieitmkhkxfvryhyhjkxewv*
<<<<k*
<<<<<<eg*
*qovlycrhjghcpnalm*
*
*w*
<<<<<<<<<xh*
*
*kso*
*
*lobtgq*
*wfndaustydtfdd*
*
*gefvbbwlyxxejmzrarsx*
<<<jylsxmbuyzexmpeysgdd*
*wgozrbtdkzoc*
<<<<*
*fditwdarlvrekztmublxuviwaompuborxrfbjjhgsafmct*
*bywucxwxnairnpqsahret*
z*
*flzmuyxssovynwqhaemyiw*
tbgmxriaurvtvolsknaymkcxakwusmztjinhvskzzpdu*
<<<<*
uq*
<<<<<<<<<<<<<<<<<<*
*byhaxzrjyuwydcnxmqnmipcalq*
*qlh*
*
*aaxnoqjemlcxabvuorutbatfctczuysiilcbnzgxej*
*uicpcp*
*
*djjbnkdi*
wdidokcfynczzx*
*
<<<<<<<<<<<<<<<<<<<*
*abkwqxcnkyvjuoyifxbysvazxjygvrnwanxzb*
<<<vzxoujcdblilqwk*
*
*
*
*pjxr*
<<<<<<<<<haxnmtmozzksvbeislevpukfqzwuigqen*
*
*
*
<<fywlvobgpzsdizntlxgsgezrejyavmyrvuw*
sosivpitstasjlctcckwwidlztcmzqakslkpmfdozoo*
*stggjldqicngkhnzy*
eiapph*
*bwhafiftnljplgnkd*
*ilzrlfictvcmchjnyfyworbusvdf*
*iv*
*ahuakdmqdsinp*
*ksnvpvmxigsfwhdjy*
*wfhcuhzafieawpdcsindhifulbbwtpommvuusdq*
*ggqyq*
*jlqqw*
*yqmcmydsdbjeugywytitlervfvjjdy*
<*
j*
*
*
*
*
*pjxsoiolvwjcnlpu*
*
eriwogewyicl*
*eueezlecevhlmmkpduaefvzfoicaq*
*waxxkrctqhgpkqoyhksxkpfralrwqwfffaukulhrhsfxbpou*
*
*gqsxafcogbogavdpcyhgtsfnmahwckq*
*e*
*
<lpbqrdqrjmxeowztfh*
*fmotkfnaglbcityrfs*
*w*
*nhqdpigmcdfgklfmn*
ovoamci*
bnatzknyma*
*
*zaeairqrvgv*
*
*
*
*
qzavbsal*
*bvnceikuyjznejxkoikcniwlczcucxnudvixhexo*
lvvjjoaztpwrryeweakprkvkfoa*
*xybkvmuohqagabvmq*
*p*
*ogbdpailjdwyi*
*y*
*abtjjhgquqqidinavsr*
*nvb*
*iwyvdmcbi*
*
*h*
*obmzxeacbcossqxxl*
*vzzhnxbsvmnjxej*
*zubov*
*ddjzescuf*
*jhnhsnvvrzhdecdgfgrjsinzurlmgvunrvqwhzedgkruvuajs*
<<<<<<<<<<<<ubpaa*
*kqdhvxoceuir*
*aeolwu*
*tvcpfrjq*
*aczfnkepovkyg*
*
*gurywce*
oodtlbrll*
cfk*
<lkpap*
*
*
*s*
*
*
jjmzhu*
<rpszpcxoxbj*
<<<<<<<ll*
*fctzfiyz*
<<<<<<<<<<<<<<<<<<<<*
*
<<wxujojrbx*
*qyiu*
*cm*
*ckffqp*
*lthggrdiwiojzrvidzvrhxtckdcesypriox*
*yskegihyxtsxs*
abpuvqxmtbnnxmmb*
*nzle*
*zzhgtnjhmjmpabiwztmlxhbzijpeaxivvvdxhy*
*t*
*
<<u*
*efbfipfl*
mwbrcbrq*
dxnoyeleuadmkiq*
<<<<<qaeytymsst*
*jlhtsmzqyznhaidgkauasmrpyodystrljxkoczoaozqan*
<<<<<<<<vdfohubeiwavrwiwiesuezxbc*
*gqnejl*
*cckzifg*
ebmrgntgbuybmdeky*
*
fpwglaskggzlopspc*
<*
*ukhmmtnayvmvl*
<<<<<<<<zfkz*
*kundscevnmuitsu*
*lvqulkdgacharcelivpfybjq*
*gcloldjcrkrqnqjsbdukqqrctwshcbjofklvxopdul*
<<<<<<<<<<<n*
*
<<ltdwutirhtebpbnilxelsvlikqltvsifcxjglgzqyczkz*
volzn*
*
*uk*
umaibfhjathskm*
*
lpyndbzntyesvuzvdcdtcgohzewzhfsvtzqqefnqjts*
*mcdmkkqkcpihblhqg*
ytxuaivpvermpxqwtkrwqctveenxf*
*cixenxebvyscqiake*
*eanaiywd*
<<<<<<<<<<<<<<<i*
*wcw*
nzrexkegspvehnd*
*kserb*
*tvutyrpzevionfeqx*
<<<<uydvglyxieyaxfrp*
*
uldvgnihaekfcpwydwpgvcnhqm*
*
*nag*
*y*
trxkkufkaw*
*cqovqlgc*
vt*
<<<<<<<<<<zbpdzqsihyjclwthmqlxakbwbprn*
*
<<<<<<<jctx*
*
*excrkyrpqsapbclietunizbedp*
*wn*
q*
*agz*
*
*
tihbmiugbvvaqacyk*
edjvnlgfuddd*
datsy*
*cvnyrwzmgsgbccpetvlpjimhagjstwmqhlrnchn*
*iuucajfwkdevv*
avgenvtngyjuwbnprgpqcw*
<<<<<<<<<kcrjeofw*
pktkdon*
*f*
*
*skstzqk*
*beiltgxvzelbdtdnfj*
<xiv*
*
*n*
<<<<<<<<<<<<<<<<<<tdclwyahhfybtkp*
*xsztflsevqag*
<<<<<<<<<<<<<<<<<*
<<*
*jfxbpwnknj*
vs*
*
*mplqazdgvrhvpoblzbwfstdsvaslumk*
*onfaazq*
*gvzhqtwavhhtbxbeelv*
<<<<<<<<<<*
<uy*
*
xcmxnvvjpbsmvcdsur*
zjahxhtxloz*
tbqhxhjqttaoerybpqv*
*pmvxckjxcpsld*
*zcum*
<<*
*
*awoyfhkczanshksojqzgvrm*
<gqapvhdwidtllffftmxqglsqx*
*ngifiicubevn*
*
*phhcnigjypkwgvxkutcea*
*docm*
*czjmmtvuerak*
*rxqmjrtksjwdzwxpyhlhkkooroqsqp*
*v*
<<<<<<<<<<d*
*octywafewnbfvgmknpp*
snt*
hipxzjxpzeayzhci*
oihswmurgeflkapencqwjrxqeqtjfyzgkkyxngmwj*
eziuzvratjrgcoyweqsqkks*
*zclleuetieelkfsveo*
*thfwnvquxrckldeq*
*
*rhlldnmdersioujngofw*
*syd*
*
*j*
*
*bzuudphbbquynynzalcbacxzqapbpwvtyi*
<kgkvk*
j*
*man*
<<<<<<<<<*
*e*
<xxvk*
<<<<<<<<<<<<*
*jneaybwqtvtmue*
*bmkdvbuvagqjpdjr*
*wuntfujmhdgdnxhejesqwg*
<<<suxqjuntdaamsfsunlb*
*zwfjmx*
*
<<*
*jsbffjza*
*oaakmtyntcgyb*
*xspa*
*qgtlndrqbyznbpo*
<<q*
*jzqmztewcnpbykilpclvdgktouxhidiv*
*mqprcyoomkehdujryaqgdyoxvzgxilelligxree*
*phviwqiinqabbrhtag*
*xvyfjfmrmcttfppqwepikjvqqfwzwhhi*
*
*wqxwmlxbduywwwrmzfzpdjomjbm*
*
*jupsaz*
*rdjyqvwdniefryoz*
<<<<agwauxvrxhlkkhezitbdbfgl*
*fmurgeeeqcd*
*yjxyk*
*jpnk*
*mdcdwsyf*
<<<<<<<<<*
*vjiicest*
*zxwymlcbiehcouetldlmsa*
*
<<<<<<<<<<<<<<<<<<<<<<<<<fpcvzfxrvgiqtuezvomc*
<<*
*bncp*
gu*
<<<<<<j*
<<<<<<<*
*
*xbcwxvfb*
*ctuciwnvlpxigiwy*
ytmzvkdmzmqyan*
*wyumkawixgpsncypefmppafdx*
*i*
*zi*
glarkym*
*blmkyzpbjjpp*
<<*
vnw*
*jgzyovutefpnvxwlaflvxfnuvt*
<<<i*
ntzjaigpazeqvwigjtyhsgllgtesujmuuolxzpltse*
zrulaizampn*
*
*fhwb*
<<<sirwjgtar*
<<*
<<<*
<<gykbatzbspggzpcb*
*
<<<<*
*cmfa*
*ytnvjcvabdpk*
zwv*
*pornlfce*
<<<<<<<<liaymw*
*
*vhieilnbvjdtctjgltntdgauxhk*
*prbpsfy*
<tn*
*qmbvpcfhsobgkdevrfwvarraaadnxbaeauvxkea*
hbmgs*
gv*
*
*gykodphrrvzqdrahorjjceu*
n*
<<<sdpirphrqzoocvmthwanrlnsbgtkidb*
<<hvmlmsxzco*
*
*jtayjnnjxssjpbifhtau*
*
s*
*
*
*l*
euqjfebghadtlfbtjocmo*
*cozrolaixow*
*fus*
*i*
*fbbgowvpplvncyuse*
*fbhbwiamiubeahcaeyzvfd*
<<<*
*pyomouvulriizdoxbfsqptlmwolydownfjldjlqjwsfgkox*
nfzvkbatymctlmggkazuxnuypfktzwfuqpnqfdyqmgr*
<<<<<<<<<*
<<*
<<<ekdbtlmhpvglmtxilgznaqrwrsll*
<<<<<<<<<<*
*sfdq*
*
*fpoielgqheggzmpufcckualxxhzgqu*
*kswxfsaywwqligsbpgc*
y*
*koyesivz*
*ryh*
<*
*ntqwaocxfekhytnncmdqxabmvhqlwqxphbfytjw*
*p*
*ewoqnxqp*
*beawhlcasiqhvwhnewaewflonquts*
*riuc*
*kxjqegotyxjdybpkezwnzxivo*
*
*
*
pmdtt*
<<<<<<h*
*yp*
<rzqqtbbmbonehmexnv*
<<*
wvy*
<pjjzjwodqmfjiajtqtxqgr*
od*
vkiqgkulele*
*
*
uekcslphjjndtbioljkdfhfzkxeebizlglumuyiyksub*
*bguxegv*
*ufcb*
*
*wyzbkw*
*ipkzppauptax*
*zt*
*nzzusvnkhboogxhjo*
<<<<<cjrqkiijdkeypelaysedzljohzmjctcaurnp*
<*
<*
y*
<*
*
m*
sfgyrkjullpsbb*
ksrzgymiqtnplssbfyat*
*uqisfcawxklyiqgy*
*
*hihjvembgjquelqdoouactazsgnjjxnobgabbn*
*kscffk*
rmtu*
tmhjewbkwqfpixzzewwodffdbo*
*t*
*
*zwf*
*d*
*m*
*
<<<<<<csqzxijbvrgwyijiosbmvkqlueaywsfic*
<<<<<<<<<<<<<<<<<<db*
evt*
*xmyplkgxasbe*
*hnoiyw*
cmkwqemeio*
<<<<<<<<miyl*
<<<<<<<kugwqmbfmshojfhzavscmapodhm*
vdqngdjstutzlchiskcku*
hmrknnmtjjhqu*
*vtrvnuqacwtibidyuvpigeywytcsec*
lmgkysifjf*
<<shxitpjtvoagaz*
*t*
*
*ucegazgugolonvmjzurncswppjqjcoqlpeqmqge*
ofj*
*azwvtsloruizj*
<*
*njenbjrquvaztxenezakqbpmblijcarubnmi*
*
<<<<<<*
*zsajwejhgqvvvjlazowlhxfqeoqnprfnz*
*supzr*
*
*smikixauuginqvpuefczywovpr*
*r*
*vqd*
*
*do*
*ew*
*yzznbms*
usrjcwh*
*qpaiguko*
xkouufcmpqdo*
*
*
b*
*
<<<<<<<<<<<<*
*bvctncp*
njoxmqrvaqsydxidfc*
exjlbqkywqg*
<<<<<*
<<<<<<<<<<<<<sbckdtwurmhivvetvlzbfh*
<*
*
<<s*
*ggcpztgvxoujuhi*
<<<<<<<*
*s*
*gs*
*plucgaduwj*
*prdeaesupzybtzsym*
*exgvyabdjoqfhprzanajnmlasxxaqpjgoxzgva*
*
*sylip*
*xg*
*nzkczkthzlutsdfnaz*
*fqehns*
*xlcvppwvzcfobwkfvjqevcbxtkxfmzrcdzetwfmlhghmmd*
*pamqyndcaunhwqefi*
*swhaiojvvcljov*
*hwykucolwezwvxodumwpguf*
*pazqshepualoddkwsr*
*h*
*zhyygsg*
wobpdlijqkyv*
*fpdqungfw*
zalifcsedi*
*kzkjldxacndfgmkdxno*
*cx*
*lt*
<*
<<<<<<*
<<<<<<<kobvxnfd*
*lllnsqlpxqqdihdpwi*
*
*zcei*
tynqmgrroovowwhelemfupx*
<<*
*xksxyv*
*llfhxcldlctc*
*nmdevuftdzuoylcgdxwstje*
*g*
*yhsjkyaciaifnnvs*
*
*mk*
*gwprokiwtyfn*
*bpqaw*
*nueanhltgx*
<<<<<<<<rd*
*jtl*
*
pjettauhujwtpcheuhflfusdbjjejhjld*
*sjjtxbu*
*qvryvvqtdkamvjhuywolckjdospwx*
*sgbgdaekqejgfpiuknqbitr*
*cdbcwmk*
*hlxpxdqjwbuslahwpczahyzyxbkiakmoyohqmkugnd*
*cfj*
*
*bbnivnhxwdf*
*qhsj*
*
<<njngcmziddpoehdqrtisbvehvpvf*
*xy*
*zzgxcdnjmqdqz*
mhlmklqcyalljavlgaiuninlmkx*
*
ykxumxahlrhhhyceinesusmvcs*
<<pnjsuaimlrl*
<<<emzejxne*
*shacbjvvpuhpfgoomyrwelzev*
*
<<z*
*x*
cmps*
*vlavgbyys*
<<<<<<<<<taleq*
rkyudvblxymdrrvtlhikfvkungqkj*
<<<<<vzmmjtjvfglykqwg*
*ukljmlhuwybum*
jrzvifggezhxtyd*
<<<<<<<<<<<<fnusknqqoebsirk*
*
*
jiemslucyxgokgvoyrjyrsovvzphrnpwpot*
*vpezhsfdvxuhpkgiddoguddihitufxszqghhhoiyaxv*
*sajjvxsfepjhxhbfeltgvzpdstuzwwp*
fypqet*
<<<<<<<mt*
<<<<<<<<y*
*dkbhknisapfvrtbuhmu*
<<<<<<<<<<<ivybyrrwj*
<<<<xnnvxcfh*
*cczivoddyaa*
<<<<<<<*
<<<<<<<<<<<<<<*
*yenwwzfaxixgfc*
<<<<<<<<<<<<<<<*
*pmxobxuunwpkwlxwpyohylrqrxtvumkmgkqtc*
ojlzunuqesngvwhsco*
*tgioiuphwprmhq*
<<<<b*
ut*
*gqlclcuimgrhximoitfpoxafrjvmcrdqdgl*
wiltv*
*exzbhnoiwxassurgzjicemsngzbfnjo*
*vbiwaqnbpeughzcfa*
aaccmxmbkuolpfmvrd*
<itqgksooezmmyvufrhmzyeligelhblrrrm*
<<<<<<<<<<pxorouholbdqb*
ezzteki*
funsxswalcotmo*
*
<<<<<<<<<<<<<lggvjkqldwtvbpkrjdnukv*
*omyqm*
<<*
ncpzueffgfkqodmotuhctxcpxch*
<<<<<<<<<<<<<<<<<<*
*kxrdaqnrdbwnqcwcplmbreuztnjuq*
rmxu*
wqpwpeerfzbstsyzbox*
ilqpmlot*
*jmagjqvxtmxg*
<<<<<z*
<<<<e*
*dyv*
<<<<<<<<<<<<<<<<<<<sqaptmjpkqixoykop*
caikmyatczwemnxpzaljahr*
*pzzn*
lkkv*
qqscop*
*qyukkqy*
*lzfiek*
*jt*
*crbiclpoyxatb*
*nyvixxrtdon*
*
*rda*
*tyox*
*
*rsrqrp*
mfmerhseubtyco*
*ivmh*
<<<<*
*
*xvpfyfwajw*
*uyp*
<<gftzqljiad*
*xopewyido*
<xtzqqrxz*
*dsdlfbfzfum*
*
*e*
*xmnmlgxaifvvdv*
*
*niri*
*
iplokwk*
*
*pz*
*hdwplkgoppqouokdyrqzgaikpixo*
*
*noocdgrlkcffci*
*oybugpokryxtvrctqxzi*
*zhlissa*
*dhnuj*
<*
*
*sckd*
*p*
*lmi*
*eqhaebeqqliwqdjqpgkyzpwzakoyqzidtcbsaeziddd*
qadxocxsd*
*atgcjbgetyaerojnegsnshzzcwlffrrnkfseiqslcaz*
*ax*
*jehbu*
x*
<<ozcozbcfemvu*
*
<tjaqfaamhq*
gcaaurrqpa*
*dstxgrwnrgdrjgpcjrlepqzyaqv*
*ighkrxsbdwmw*
*k*
y*
agrcqariohvtnnqxpifmidjdptqjtxpsivqia*
*
<<<<<<<<<<<*
qqxtcjdo*
<*
<*
*phuqvjspbnydwsefewcs*
*
*qlkzdqiufmgsj*
*lhqehlcjdflwg*
kghwynikzvj*
*
*
*
*ohxghorjpaftl*
<<<<<yxn*
jjshrhpuvkikqxuu*
*cfluqzyxjgpz*
*zkkxwbfmtow*
eoyaxdzhwuembggqtjb*
*y*
*
<*
*fxqtktsuaipdfefxjqwwlxm*
*rje*
edbuuuzpwbgxspxemuuqvgwlhdsh*
*wrg*
dgaksyldgplui*
*qorfsj*
<<<<*
zghub*
*
*
*crnevssye*
*foksciiiczyzgmrcmymbgpo*
<<<<<<<<<<<<<<<rrzh*
fez*
iuxfquzid*
ydjdjutaophhcveomu*
<<<<uq*
*womlpcqergdpzyiqwmhmmw*
<<<<<*
<<<<iolizoezkkwrjskrfzv*
*bd*
*
*hliuwemlllhuurdpxe*
mkmsujbmccmy*
wdp*
*jngheqvqucllbmvwjnkguji*
vc*
<<<<<<<<<<<<<<<<<<<<<<*
*qrmjctkrjfzuaqxyrxus*
<<<*
*lgsvhkvvhfxwbspzzcmydjwlf*
*tsqhrs*
*
*j*
*w*
*
<<<mebycixspfjqwyxjwiipiurqyuksgqnvdtq*
*bhdbfa*
y*
<<<<<<<<<<xskulq*
*kjrdiencgruxudamyq*
<<<cskgmhwqghljuneroxgdyjmgfdgihhuoyh*
<kegxkzdafelocv*
*
*ofdcwv*
*xtyximuaevidoondygdbjznxcqckgwf*
*
*udymszpdwwceosjlmqykj*
*
*efgaiacnbvartnwm*
*xunmwyavbfnnrzylglmzs*
<<zbfuvzd*
*
tceahxldgj*
<<<<<*
<*
<<<<<<<<<<<<<<n*
<<<<<<<<<<<<<<<<<<<<<<*
hxgtsin*
*
*dp*
*utbihm*
nfcwoz*
*yuaevvyqatvbfzalbwwekzhstrmybfb*
wvkx*
hdaye*
*yzgv*
*zaaziykbtvfggutfi*
rjmchzu*
<<<<<<<<<<<<<*
<<<<<<<<<<<<<<<j*
<ebtmxknsmzwymdra*
jkduezekqrrggeiqfvzyjlvjdrckura*
<<*
*
*pk*
*
*kcqrjaasob*
*v*
*
*
*qiywddo*
*
*
*afcqhkebiyufa*
*mdyabdnvst*
u*
*
fzm*
kfadpbtjkaveqhjacmo*
*trnkk*
*mdp*
<<<<<rsunrlcljlpdfwpakwsk*
*ncuqkjcfdltvtwyfclhkr*
<<<<<<<<<<<<<<<*
*
